"","Rhizobiaceae","Deferribacteraceae","Pseudomonadaceae","Burkholderiaceae","(Order)Hyphomicrobiales","Ruaniaceae","Thioalkalispiraceae","Mycobacteriaceae","Planococcaceae","Cellulomonadaceae","Pseudonocardiaceae","Paenibacillaceae","(Order)Rhodobacterales","(Order)Campylobacterales","Rickettsiaceae","Rhodospirillaceae","Clostridiaceae","Hymenobacteraceae","Carnobacteriaceae","Desulfobulbaceae","Comamonadaceae","(Order)Thermoanaerobacterales","Corynebacteriaceae","Hyellaceae","Micrococcaceae","Streptomycetaceae","Phyllobacteriaceae","Rhodobacteraceae","Campylobacteraceae","Gemmatimonadaceae","Vibrionaceae","Planctomycetaceae","Dietziaceae","Kosmotogaceae","Morganellaceae","Acetobacteraceae","Streptococcaceae","Heliobacteriaceae","Aeromonadaceae","Peptoniphilaceae","Micromonosporaceae","Microbacteriaceae","Oceanospirillaceae","Pasteurellaceae","Thiobacillaceae","Actinomycetaceae","Erwiniaceae","Sphingomonadaceae","Desulfobacteraceae","Shewanellaceae","Sphingobacteriaceae","Peptococcaceae","Budviciaceae","Microcystaceae","Nitrosomonadaceae","Flavobacteriaceae","Bifidobacteriaceae","Bruguierivoracaceae","Bradyrhizobiaceae","Thermaceae","Azospirillaceae","Bacteroidaceae","(Phylum)Chloroflexi","Gordoniaceae","Oscillospiraceae","Nocardiaceae","Cytophagaceae","Bacillaceae","Lachnospiraceae","Cystobacterineae","Lactobacillaceae","Veillonellaceae","Conexibacteraceae","Methylophilaceae","Blattabacteriaceae","Geobacteraceae","Anaplasmataceae","Roseobacteraceae","Moraxellaceae","Leptotrichiaceae","Mycoplasmataceae","Porphyromonadaceae","Cyclobacteriaceae","Caulobacteraceae","Staphylococcaceae","(Order)Chromatiales","(Order)Bacillales","Parachlamydiaceae","Alcaligenaceae","Streptosporangiaceae","Alteromonadaceae","Xanthomonadaceae","(Order)Burkholderiales","Deinococcaceae","Thermodesulfobacteriaceae","Alicyclobacillaceae","Treponemataceae","Desulfomicrobiaceae","Chlorobiaceae","Chitinophagaceae","Enterobacteriaceae","Oxalobacteraceae","Hyphomonadaceae","Helicobacteraceae","Pseudoalteromonadaceae","Yersiniaceae","Legionellaceae","(Class)Tissierellia","Brevibacteriaceae","Rhodocyclaceae","Weeksellaceae","Intrasporangiaceae","Cardiobacteriaceae","Atopobiaceae","Spirochaetaceae","Nostocaceae","Sedimentisphaeraceae","Neisseriaceae","Syntrophomonadaceae","Eubacteriaceae","Boseaceae","Calotrichaceae","Pleomorphomonadaceae","Vicinamibacteraceae","Prevotellaceae","Frankiaceae","Nocardioidaceae","Halomonadaceae","Listeriaceae","Sutterellaceae","Thiovulaceae","Ectothiorhodospiraceae","Acidobacteriaceae","Fusobacteriaceae","Verrucomicrobiaceae","Desulfovibrionaceae","Promicromonosporaceae","Enterococcaceae","(Class)Dehalococcoidia","Usitatibacteraceae","Methylobacteriaceae","Gemmataceae","Peptostreptococcaceae","(Order)Desulfovibrionales","Chromobacteriaceae","Roseiflexineae","Methylococcaceae","Hyphomicrobiaceae","Bogoriellaceae","Sorangiineae","Bartonellaceae","(Class)Alphaproteobacteria","Hahellaceae","Dictyoglomaceae","Natranaerobiaceae","Fulvivirgaceae","Erythrobacteraceae","Hydrogenophilaceae","(Phylum)Candidatus Bipolaricaulota","Nannocystineae","Barnesiellaceae","Lawsonellaceae","(Order)Synechococcales","Desulfuromonadaceae","Chromatiaceae","Pectobacteriaceae","Oscillatoriaceae","Spiroplasmataceae","Thermosynechococcaceae","Thermoactinomycetaceae","Halobacteriovoraceae","Microbulbiferaceae","Succinivibrionaceae","Dermabacteraceae","Piscirickettsiaceae","Erysipelotrichaceae","Nitrospiraceae","(Order)Flavobacteriales","Opitutaceae","Nitratiruptoraceae","Phycisphaeraceae","Aerococcaceae","Zoogloeaceae","Dermatophilaceae","Propionibacteriaceae","Oculatellaceae","(Class)Gammaproteobacteria","Francisellaceae","Prochlorococcaceae","Schleiferiaceae","Rhodanobacteraceae","Stappiaceae","Flammeovirgaceae","Ornithinimicrobiaceae","Psychromonadaceae","Dysgonomonadaceae","Bdellovibrionaceae","Colwelliaceae","Brucellaceae","Alcanivoracaceae","Gomontiellaceae","Synechococcaceae","Eggerthellaceae","Maricaulaceae","(Order)Eubacteriales","Tannerellaceae","Selenomonadaceae","Orbaceae","Thermosediminibacteraceae","(Order)Oscillatoriales","Elusimicrobiaceae","Iamiaceae","Zymomonadaceae","Phreatobacteraceae","Lacipirellulaceae","Entomoplasmataceae","Xanthobacteraceae","Coriobacteriaceae","Devosiaceae","Turicibacteraceae","Nautiliaceae","Aurantimonadaceae","(Order)Propionibacteriales","(Phylum)Firmicutes","Chloroflexineae","(Order)Fusobacteriales","Methylocystaceae","Acidithiobacillaceae","Halieaceae","Kangiellaceae","(Class)Blastocatellia","Beijerinckiaceae","Prolixibacteraceae","(Order)Cytophagales","Bacteriovoracaceae","(Class)Epsilonproteobacteria","Candidatus Brocadiaceae","Thermotogaceae","Sulfuricellaceae","Geodermatophilaceae","(Order)Sphingomonadales","Candidatus Nanosynbacteraceae","Thermoanaerobacteraceae","(Order)Enterobacterales","Rubrobacteraceae","Paludibacteraceae","Christensenellaceae","Puniceicoccaceae","(Phylum)Proteobacteria","Desulfurellaceae","Aphanothecaceae","Gloeobacteraceae","Baekduiaceae","Emcibacteraceae","Aquificaceae","(Order)Thermodesulfovibrionales","(Phylum)Tenericutes","Syntrophaceae","Mariprofundaceae","Rhodothermaceae","Synergistaceae","Sulfurovaceae","Nakamurellaceae","(Order)Alteromonadales","Spongiibacteraceae","Kaistiaceae","Marinilabiliaceae","Acidiferrobacteraceae","Anaerolineaceae","(Order)Erysipelotrichales","Rikenellaceae","Kribbellaceae","Microcoleaceae","Sphaerochaetaceae","Acholeplasmataceae","Thermohalobacteraceae","Thermomonosporaceae","Pirellulaceae","Bradymonadaceae","Leptospiraceae","Stellaceae","Parvibaculaceae","Dermacoccaceae","(Class)Betaproteobacteria","Lichenihabitantaceae","Tsukamurellaceae","Actinopolysporaceae","Vallitaleaceae","(Class)Thermoleophilia","(Order)Corynebacteriales","Candidatus Nanopelagicaceae","(Class)Actinomycetia","Thioalkalibacteraceae","Syntrophobacteraceae","Trueperaceae","(Phylum)Cyanobacteria","(Order)Xanthomonadales","Hafniaceae","(Order)Oceanospirillales","Acaryochloridaceae","Sanguibacteraceae","(Class)Planctomycetia","Kytococcaceae","Beutenbergiaceae","(Class)Mollicutes","Muribaculaceae","Immundisolibacteraceae","Anaerohalosphaeraceae","Sporomusaceae","Marivirgaceae","Nocardiopsaceae","(Phylum)Actinobacteria","(Order)Bacteroidales","Isosphaeraceae","Syntrophotaleaceae","Fervidobacteriaceae","Thiotrichaceae","Leptolyngbyaceae","Fibrobacteraceae","Merismopediaceae","Odoribacteraceae","Rivulariaceae","Tissierellaceae","Chrysiogenaceae","(Phylum)Candidatus Saccharibacteria","Mangrovivirgaceae","Thalassospiraceae","(Order)Coriobacteriales","Woeseiaceae","Waddliaceae","Moritellaceae","(Unclassified)Bacteria","Chelatococcaceae","Tepidiformaceae","Aphanizomenonaceae","Euzebyaceae","Sphaerobacterineae","Brachyspiraceae","(Order)Pseudanabaenales","Petrotogaceae","Sphingosinicellaceae","Thermodesulfobiaceae","Limnochordaceae","(Phylum)Balneolaeota","Caedimonadaceae","Desulfarculaceae","Cellvibrionaceae","Ktedonosporobacteraceae","Acidaminococcaceae","Hydrogenothermaceae","Ichthyobacteriaceae","(Phylum)Verrucomicrobia","(Order)Tissierellales","Catenulisporaceae","(Order)Pelagibacterales","Akkermansiaceae","Kineosporiaceae","Crocinitomicaceae","(Order)Spirochaetales","Desulfocapsaceae","(Order)Nostocales","Tepidisphaeraceae","Coleofasciculaceae","Pelagibacteraceae","(Order)Streptosporangiales","Sterolibacteriaceae","(Order)Rhodospirillales","Dehalococcoidaceae","Coxiellaceae","Borreliaceae","Acidothermaceae","(Phylum)Bacteroidetes","Chlamydiaceae","Acidimicrobiaceae","Azonexaceae","Rhabdochlamydiaceae","Chroococcaceae","(Class)Clostridia","Prochlorotrichaceae","Granulosicoccaceae","Gallionellaceae","Coprothermobacteraceae","Halanaerobiaceae","Kiritimatiellaceae","Blastochloridaceae","Egibacteraceae","(Phylum)Candidatus Omnitrophica","Wenzhouxiangellaceae","Marinifilaceae","Dermocarpellaceae","Pseudanabaenaceae","Casimicrobiaceae","(Order)Micrococcales","(Order)Aquificales","Idiomarinaceae","Gottschalkiaceae","Saprospiraceae","(Order)Nitrosomonadales","Hapalosiphonaceae","(Order)Desulfuromonadales","(Class)Bacilli","Desulfohalobiaceae","Desulfurobacteriaceae","Thermotomaculaceae","Steroidobacteraceae","Caldisericaceae","Ardenticatenaceae","(Class)Deinococci","(Class)Acidobacteriia","(Class)Negativicutes","(Order)Cellvibrionales","Melioribacteraceae","Ilumatobacteraceae","Halobacteroidaceae","Fimbriimonadaceae","Glycomycetaceae","Sinobacteraceae","(Order)Thermotogales","Breoghaniaceae","Mesoaciditogaceae","Miltoncostaeaceae","Jonesiaceae","Amoebophilaceae","Kordiimonadaceae","Thermomicrobiaceae","Ignavibacteriaceae","(Order)Halanaerobiales","Oleiphilaceae","Calditrichaceae","Thermodesulfovibrionaceae","Desulfallaceae","Tenuifilaceae","Fluviibacteraceae","Segniliparaceae","Tepidanaerobacteraceae","Atribacteraceae","Tolypothrichaceae","Endomicrobiaceae","Bryobacteraceae","Hydrogenimonaceae","Haliscomenobacteraceae","Halothiobacillaceae","(Class)Coriobacteriia","(Order)Pseudomonadales","Egicoccaceae","(Order)Desulfobacterales","(Order)Myxococcales","Symbiobacteriaceae","Dissulfurispiraceae","Proteinivoraceae","(Order)Lactobacillales","Caldilineaceae","Sporichthyaceae","Saccharospirillaceae","Magnetococcaceae","Koleobacteraceae","(Class)Bacteroidia","Elioraeaceae","Sporolactobacillaceae","Litoricolaceae","Salinivirgaceae","Thermoguttaceae","(Order)Rhodocyclales","Methylacidiphilaceae","Terasakiellaceae","(Class)Deltaproteobacteria","(Phylum)Candidatus Cloacimonetes","(Class)Thermotogae","Parvularculaceae","(Order)Verrucomicrobiales","Simkaniaceae","Celerinatantimonadaceae","(Phylum)Acidobacteria","Ferrimonadaceae","(Class)Spirochaetia","(Order)Neisseriales","Holosporaceae","Geminocystaceae","Candidatus Midichloriaceae","Candidatus Paracaedibacteraceae","(Kingdom)Bacteria","(Order)Parachlamydiales","Chroococcidiopsidaceae","Salinisphaeraceae","(Order)Marinilabiliales","(Order)Entomoplasmatales","(Order)Rickettsiales","Bernardetiaceae","(Order)Rubrobacterales","Tropherymataceae","Thermostichaceae","(Class)Aquificae","(Order)Thiotrichales","(Phylum)Planctomycetes","(Order)Pirellulales"
"BM10S95",624.0,21.0,1404.0,627.0,228.0,19.0,5.0,591.0,182.0,105.0,228.0,1185.0,53.0,6.0,8.0,103.0,1547.0,1759.0,53.0,40.0,662.0,63.0,473.0,2.0,459.0,1237.0,284.0,333.0,141.0,42.0,210.0,107.0,18.0,10.0,98.0,194.0,1332.0,21.0,337.0,121.0,180.0,672.0,39.0,140.0,10.0,340.0,102.0,609.0,182.0,154.0,584.0,275.0,6.0,10.0,43.0,964.0,20275.0,26.0,433.0,114.0,161.0,13584.0,3.0,90.0,4755.0,275.0,534.0,1284.0,15951.0,250.0,19117.0,90.0,0.0,9.0,9.0,292.0,21.0,355.0,107.0,53.0,59.0,1160.0,140.0,240.0,223.0,32.0,209.0,13.0,297.0,68.0,153.0,516.0,243.0,148.0,24.0,79.0,200.0,13.0,213.0,550.0,769.0,338.0,28.0,54.0,77.0,168.0,33.0,17.0,85.0,107.0,446.0,55.0,23.0,206.0,62.0,44.0,8.0,165.0,20.0,339.0,62.0,16.0,6.0,8.0,4057.0,46.0,238.0,274.0,47.0,44.0,21.0,108.0,164.0,76.0,29.0,347.0,32.0,533.0,11.0,10.0,190.0,49.0,1108.0,5.0,149.0,8.0,157.0,60.0,8.0,167.0,34.0,381.0,22.0,5.0,3.0,115.0,211.0,3.0,3.0,33.0,1679.0,3.0,14.0,63.0,128.0,138.0,10.0,22.0,3.0,59.0,5.0,33.0,20.0,38.0,44.0,1010.0,30.0,45.0,88.0,11.0,12.0,35.0,92.0,6.0,181.0,4.0,586.0,9.0,48.0,25.0,127.0,63.0,24.0,61.0,3.0,428.0,21.0,25.0,83.0,36.0,0.0,162.0,3191.0,16.0,3047.0,1754.0,183.0,10.0,10.0,8.0,5.0,53.0,2.0,9.0,44.0,13.0,104.0,132.0,62.0,1152.0,6.0,67.0,5.0,1052.0,8.0,2.0,42.0,19.0,20.0,6.0,18.0,61.0,94.0,65.0,0.0,5.0,2.0,36.0,55.0,27.0,48.0,4.0,92.0,163.0,31.0,73.0,135.0,18.0,1755.0,0.0,12.0,15.0,12.0,6.0,17.0,0.0,2.0,26.0,11.0,91.0,58.0,13.0,6.0,7.0,8.0,17.0,17.0,31.0,21.0,3.0,6359.0,22.0,6.0,53.0,26.0,10.0,63.0,93.0,46.0,21.0,8.0,40.0,15.0,166.0,2.0,21.0,0.0,86.0,0.0,88.0,7.0,840.0,11.0,20.0,3.0,17.0,11.0,60.0,6.0,11.0,39.0,6.0,9.0,4.0,8.0,29166.0,14.0,13.0,50.0,7.0,86.0,105.0,3059.0,29.0,35.0,7.0,13.0,28.0,29.0,8.0,407.0,2.0,27.0,20.0,0.0,20.0,44.0,3.0,4.0,2.0,2.0,8010.0,25.0,7.0,12.0,7.0,12.0,19.0,0.0,8.0,32.0,11.0,8.0,10.0,3.0,8.0,39.0,4.0,60.0,4.0,2.0,9.0,2.0,10.0,3.0,2284.0,5.0,2.0,18.0,31.0,5.0,9.0,10.0,3.0,0.0,14.0,3.0,28.0,11.0,4.0,3.0,1307.0,5.0,19.0,113.0,2.0,6.0,58.0,7.0,24.0,42.0,0.0,24.0,10.0,13.0,10.0,4.0,17.0,8.0,2.0,3.0,11.0,84.0,5.0,0.0,7.0,2.0,0.0,0.0,4.0,191.0,4.0,5.0,0.0,3.0,0.0,7.0,4.0,0.0,7.0,3.0,4.0,7.0,14.0,12.0,11.0,10.0,0.0,5.0,2.0,11.0,0.0,2.0,0.0,0.0,2.0,4.0,3.0,6.0,2.0,10.0,29.0,4.0,6.0,17.0,0.0,3.0,3.0,19.0,3.0,65.0,16.0,20.0,4.0,5.0,0.0,9.0,30.0,3.0,6.0,97.0,17.0,3.0,27.0,5.0,2.0,28.0,9.0,12.0,6.0,8.0,8.0,8.0,2.0,0.0,49.0,0.0,0.0,0.0,0.0,0.0,0.0,0.0,0.0,0.0,0.0,0.0,0.0,0.0,0.0,0.0,0.0,0.0,0.0,0.0,0.0,0.0,0.0,0.0,0.0,0.0,0.0,0.0,0.0,0.0
"BM11S96",577.0,31.0,1303.0,592.0,242.0,17.0,0.0,558.0,179.0,94.0,237.0,1278.0,32.0,8.0,2.0,87.0,1674.0,1707.0,57.0,29.0,713.0,77.0,443.0,0.0,467.0,1246.0,268.0,281.0,140.0,51.0,187.0,101.0,19.0,7.0,92.0,197.0,847.0,24.0,317.0,128.0,177.0,588.0,40.0,128.0,9.0,290.0,130.0,571.0,162.0,157.0,560.0,299.0,5.0,12.0,38.0,862.0,14523.0,17.0,428.0,132.0,178.0,19781.0,7.0,93.0,5575.0,244.0,436.0,1293.0,18125.0,200.0,14953.0,124.0,2.0,10.0,6.0,263.0,13.0,320.0,98.0,52.0,76.0,1023.0,114.0,223.0,164.0,22.0,215.0,12.0,301.0,82.0,153.0,491.0,278.0,118.0,25.0,94.0,214.0,13.0,205.0,526.0,766.0,341.0,43.0,46.0,90.0,166.0,40.0,13.0,95.0,90.0,372.0,57.0,24.0,232.0,56.0,46.0,13.0,174.0,20.0,366.0,85.0,18.0,6.0,2.0,3784.0,36.0,230.0,239.0,59.0,38.0,36.0,103.0,158.0,67.0,39.0,376.0,36.0,582.0,19.0,11.0,165.0,50.0,1238.0,10.0,176.0,10.0,162.0,58.0,9.0,141.0,39.0,361.0,10.0,4.0,3.0,94.0,198.0,3.0,2.0,31.0,1550.0,3.0,15.0,77.0,129.0,130.0,6.0,32.0,4.0,64.0,7.0,34.0,26.0,46.0,39.0,942.0,27.0,39.0,79.0,10.0,8.0,35.0,104.0,16.0,156.0,5.0,600.0,10.0,51.0,36.0,121.0,51.0,24.0,55.0,3.0,453.0,22.0,15.0,76.0,40.0,0.0,173.0,2728.0,12.0,3583.0,1761.0,183.0,5.0,9.0,11.0,3.0,46.0,3.0,19.0,35.0,13.0,79.0,97.0,65.0,957.0,3.0,83.0,4.0,1199.0,4.0,4.0,45.0,22.0,15.0,5.0,9.0,65.0,90.0,64.0,2.0,11.0,6.0,35.0,48.0,29.0,66.0,0.0,97.0,166.0,28.0,63.0,144.0,14.0,1784.0,2.0,13.0,17.0,15.0,7.0,13.0,0.0,3.0,30.0,8.0,97.0,44.0,10.0,6.0,6.0,6.0,14.0,22.0,39.0,23.0,0.0,8346.0,17.0,4.0,59.0,25.0,12.0,75.0,103.0,58.0,31.0,9.0,46.0,13.0,142.0,4.0,10.0,5.0,77.0,0.0,78.0,13.0,816.0,7.0,23.0,5.0,11.0,14.0,45.0,12.0,11.0,34.0,5.0,5.0,5.0,6.0,27631.0,17.0,17.0,55.0,11.0,78.0,94.0,3144.0,25.0,35.0,12.0,13.0,48.0,37.0,10.0,353.0,3.0,22.0,22.0,0.0,27.0,51.0,4.0,3.0,2.0,4.0,7919.0,14.0,9.0,7.0,6.0,7.0,14.0,4.0,6.0,38.0,5.0,6.0,11.0,0.0,11.0,40.0,5.0,77.0,5.0,2.0,9.0,0.0,13.0,2.0,15815.0,0.0,0.0,17.0,19.0,8.0,13.0,12.0,4.0,0.0,17.0,8.0,24.0,9.0,5.0,5.0,1170.0,3.0,7.0,91.0,0.0,3.0,64.0,9.0,19.0,39.0,3.0,19.0,10.0,12.0,5.0,0.0,23.0,10.0,4.0,5.0,14.0,91.0,4.0,13.0,4.0,0.0,0.0,0.0,6.0,185.0,2.0,10.0,0.0,0.0,2.0,10.0,2.0,0.0,7.0,6.0,4.0,9.0,17.0,20.0,13.0,14.0,0.0,5.0,0.0,13.0,0.0,4.0,0.0,4.0,6.0,3.0,0.0,15.0,0.0,17.0,27.0,2.0,5.0,18.0,0.0,3.0,6.0,24.0,5.0,54.0,15.0,17.0,10.0,8.0,0.0,10.0,37.0,2.0,8.0,90.0,16.0,3.0,28.0,2.0,5.0,18.0,9.0,11.0,0.0,8.0,8.0,8.0,2.0,0.0,62.0,2.0,0.0,2.0,2.0,0.0,2.0,0.0,2.0,2.0,0.0,0.0,0.0,0.0,2.0,0.0,2.0,0.0,0.0,0.0,0.0,0.0,0.0,0.0,0.0,0.0,0.0,0.0,0.0,0.0
"BM12S97",591.0,28.0,1210.0,544.0,196.0,13.0,4.0,452.0,276.0,59.0,226.0,1916.0,53.0,8.0,12.0,120.0,3314.0,1066.0,71.0,62.0,586.0,180.0,502.0,6.0,414.0,1215.0,236.0,289.0,206.0,33.0,236.0,77.0,24.0,9.0,131.0,194.0,1262.0,46.0,286.0,160.0,202.0,552.0,48.0,141.0,11.0,330.0,156.0,479.0,207.0,169.0,458.0,634.0,20.0,18.0,54.0,819.0,3382.0,30.0,280.0,124.0,153.0,10815.0,9.0,60.0,10397.0,203.0,315.0,1926.0,36963.0,212.0,4432.0,157.0,6.0,11.0,14.0,304.0,47.0,335.0,161.0,82.0,85.0,650.0,98.0,182.0,321.0,22.0,360.0,5.0,283.0,71.0,186.0,417.0,218.0,115.0,21.0,84.0,251.0,14.0,158.0,364.0,785.0,302.0,24.0,54.0,93.0,199.0,70.0,22.0,60.0,82.0,355.0,29.0,13.0,285.0,82.0,59.0,15.0,325.0,42.0,701.0,56.0,19.0,11.0,5.0,2288.0,28.0,195.0,251.0,59.0,23.0,18.0,84.0,90.0,151.0,23.0,373.0,41.0,1249.0,11.0,10.0,137.0,58.0,3343.0,12.0,185.0,16.0,145.0,55.0,16.0,119.0,40.0,331.0,23.0,8.0,0.0,68.0,133.0,2.0,5.0,21.0,948.0,4.0,18.0,68.0,79.0,156.0,14.0,36.0,4.0,95.0,6.0,36.0,34.0,49.0,62.0,1192.0,38.0,28.0,43.0,11.0,8.0,37.0,89.0,11.0,159.0,14.0,595.0,17.0,40.0,19.0,95.0,48.0,29.0,52.0,7.0,284.0,30.0,29.0,53.0,32.0,0.0,192.0,2113.0,16.0,7054.0,1052.0,290.0,14.0,13.0,2.0,3.0,41.0,5.0,6.0,35.0,13.0,80.0,121.0,97.0,376.0,3.0,63.0,5.0,2540.0,7.0,4.0,31.0,18.0,14.0,3.0,22.0,41.0,71.0,52.0,2.0,11.0,6.0,60.0,43.0,25.0,38.0,0.0,176.0,206.0,49.0,29.0,261.0,16.0,1725.0,5.0,20.0,17.0,4.0,14.0,26.0,4.0,4.0,35.0,9.0,59.0,69.0,58.0,8.0,5.0,12.0,11.0,18.0,29.0,39.0,0.0,3402.0,9.0,10.0,76.0,26.0,20.0,41.0,53.0,44.0,28.0,4.0,39.0,14.0,145.0,3.0,11.0,0.0,204.0,0.0,86.0,9.0,765.0,6.0,22.0,4.0,30.0,6.0,66.0,12.0,6.0,18.0,12.0,6.0,6.0,6.0,16583.0,9.0,10.0,82.0,3.0,54.0,111.0,1892.0,24.0,50.0,20.0,13.0,50.0,19.0,21.0,236.0,4.0,39.0,14.0,2.0,12.0,51.0,7.0,5.0,2.0,5.0,8485.0,16.0,7.0,21.0,7.0,11.0,34.0,4.0,16.0,27.0,3.0,13.0,5.0,3.0,13.0,54.0,10.0,117.0,0.0,3.0,14.0,9.0,10.0,3.0,1425.0,7.0,0.0,18.0,24.0,16.0,13.0,17.0,2.0,0.0,19.0,8.0,87.0,10.0,17.0,2.0,711.0,9.0,12.0,72.0,0.0,8.0,117.0,11.0,8.0,29.0,0.0,81.0,10.0,23.0,3.0,2.0,19.0,10.0,0.0,3.0,9.0,79.0,4.0,6.0,16.0,3.0,0.0,0.0,10.0,184.0,8.0,4.0,4.0,8.0,0.0,16.0,5.0,0.0,3.0,0.0,0.0,10.0,25.0,12.0,11.0,21.0,0.0,2.0,0.0,20.0,0.0,4.0,7.0,0.0,5.0,18.0,0.0,13.0,0.0,62.0,10.0,6.0,7.0,15.0,2.0,0.0,3.0,11.0,3.0,25.0,11.0,27.0,8.0,2.0,0.0,11.0,54.0,4.0,6.0,101.0,15.0,3.0,19.0,4.0,16.0,16.0,8.0,12.0,2.0,5.0,9.0,5.0,5.0,4.0,43.0,0.0,0.0,0.0,0.0,0.0,0.0,0.0,6.0,0.0,5.0,2.0,3.0,0.0,0.0,4.0,0.0,3.0,3.0,0.0,0.0,0.0,2.0,0.0,2.0,0.0,0.0,0.0,0.0,0.0
"BM40S118",588.0,16.0,1310.0,619.0,247.0,28.0,2.0,538.0,164.0,97.0,209.0,1099.0,42.0,6.0,6.0,93.0,1492.0,1744.0,70.0,40.0,674.0,73.0,462.0,2.0,488.0,1238.0,268.0,320.0,166.0,38.0,196.0,72.0,19.0,12.0,81.0,197.0,1391.0,26.0,319.0,134.0,176.0,696.0,32.0,127.0,10.0,343.0,115.0,580.0,165.0,159.0,656.0,251.0,8.0,19.0,32.0,952.0,21026.0,10.0,430.0,119.0,163.0,12695.0,0.0,83.0,3809.0,282.0,532.0,1256.0,15258.0,197.0,24483.0,98.0,4.0,11.0,12.0,275.0,11.0,351.0,114.0,52.0,86.0,1135.0,145.0,216.0,247.0,24.0,213.0,13.0,307.0,80.0,166.0,523.0,270.0,121.0,22.0,75.0,186.0,19.0,173.0,593.0,695.0,337.0,51.0,40.0,96.0,170.0,39.0,13.0,87.0,121.0,441.0,32.0,25.0,206.0,74.0,34.0,8.0,173.0,13.0,295.0,70.0,19.0,6.0,7.0,3916.0,53.0,206.0,263.0,46.0,20.0,22.0,79.0,143.0,85.0,37.0,360.0,45.0,528.0,17.0,9.0,164.0,48.0,1018.0,11.0,186.0,14.0,167.0,67.0,8.0,166.0,37.0,376.0,17.0,6.0,2.0,117.0,172.0,2.0,0.0,36.0,1709.0,2.0,20.0,67.0,107.0,127.0,12.0,32.0,0.0,74.0,5.0,28.0,24.0,35.0,33.0,1205.0,31.0,45.0,87.0,10.0,10.0,41.0,116.0,7.0,166.0,10.0,538.0,17.0,51.0,31.0,114.0,63.0,19.0,58.0,5.0,430.0,21.0,27.0,80.0,40.0,0.0,164.0,2898.0,17.0,2620.0,1729.0,179.0,4.0,9.0,8.0,3.0,36.0,6.0,17.0,47.0,13.0,95.0,102.0,67.0,1325.0,6.0,101.0,3.0,1013.0,7.0,0.0,40.0,18.0,12.0,3.0,15.0,68.0,82.0,79.0,2.0,10.0,5.0,30.0,48.0,23.0,34.0,0.0,90.0,145.0,35.0,73.0,100.0,16.0,1788.0,0.0,10.0,18.0,7.0,5.0,10.0,0.0,4.0,30.0,8.0,96.0,49.0,18.0,6.0,7.0,14.0,12.0,11.0,30.0,20.0,0.0,6067.0,15.0,8.0,62.0,34.0,11.0,77.0,99.0,50.0,22.0,8.0,39.0,22.0,139.0,6.0,11.0,0.0,107.0,0.0,86.0,5.0,766.0,10.0,14.0,0.0,26.0,11.0,46.0,9.0,15.0,32.0,2.0,11.0,0.0,7.0,29739.0,9.0,23.0,37.0,10.0,64.0,104.0,2988.0,26.0,36.0,16.0,12.0,32.0,47.0,7.0,403.0,5.0,30.0,11.0,0.0,26.0,47.0,3.0,3.0,2.0,3.0,7562.0,13.0,6.0,5.0,7.0,8.0,12.0,0.0,5.0,39.0,3.0,5.0,8.0,0.0,5.0,39.0,2.0,56.0,3.0,0.0,7.0,0.0,16.0,4.0,5282.0,0.0,0.0,18.0,26.0,5.0,10.0,9.0,5.0,0.0,6.0,8.0,24.0,8.0,10.0,0.0,1296.0,14.0,19.0,86.0,0.0,2.0,68.0,10.0,16.0,32.0,2.0,21.0,8.0,15.0,5.0,3.0,21.0,9.0,2.0,2.0,17.0,98.0,6.0,4.0,6.0,3.0,0.0,0.0,3.0,209.0,0.0,8.0,0.0,0.0,0.0,12.0,0.0,2.0,2.0,0.0,3.0,7.0,17.0,9.0,11.0,15.0,0.0,9.0,0.0,8.0,0.0,2.0,2.0,3.0,0.0,7.0,0.0,5.0,0.0,15.0,35.0,2.0,8.0,19.0,0.0,2.0,3.0,20.0,3.0,56.0,24.0,25.0,7.0,13.0,0.0,6.0,30.0,0.0,4.0,114.0,19.0,2.0,21.0,4.0,6.0,26.0,8.0,16.0,3.0,5.0,7.0,3.0,5.0,0.0,46.0,2.0,0.0,0.0,2.0,2.0,2.0,0.0,4.0,2.0,4.0,0.0,3.0,0.0,0.0,2.0,0.0,0.0,0.0,0.0,0.0,0.0,0.0,0.0,2.0,0.0,0.0,0.0,0.0,0.0
"BM41S119",603.0,29.0,1385.0,605.0,239.0,7.0,5.0,567.0,171.0,90.0,223.0,1166.0,61.0,6.0,7.0,101.0,1531.0,1857.0,58.0,31.0,705.0,91.0,509.0,0.0,443.0,1204.0,305.0,345.0,147.0,44.0,204.0,103.0,17.0,6.0,107.0,200.0,1082.0,31.0,321.0,122.0,171.0,626.0,36.0,147.0,8.0,332.0,124.0,605.0,181.0,176.0,663.0,260.0,3.0,12.0,42.0,995.0,12744.0,19.0,396.0,122.0,153.0,15072.0,3.0,93.0,3824.0,272.0,520.0,1286.0,14743.0,188.0,16829.0,102.0,4.0,4.0,22.0,285.0,15.0,383.0,103.0,62.0,82.0,1172.0,146.0,210.0,245.0,20.0,222.0,8.0,298.0,83.0,153.0,573.0,242.0,121.0,13.0,74.0,205.0,12.0,207.0,591.0,721.0,388.0,38.0,47.0,90.0,161.0,38.0,16.0,64.0,105.0,467.0,59.0,29.0,250.0,62.0,48.0,9.0,174.0,13.0,309.0,66.0,16.0,8.0,5.0,4213.0,37.0,232.0,257.0,44.0,37.0,33.0,68.0,157.0,62.0,35.0,384.0,33.0,500.0,6.0,10.0,202.0,61.0,964.0,10.0,188.0,11.0,169.0,58.0,5.0,156.0,21.0,434.0,19.0,4.0,3.0,121.0,199.0,3.0,0.0,25.0,1752.0,0.0,13.0,54.0,112.0,136.0,4.0,39.0,5.0,68.0,10.0,28.0,32.0,38.0,35.0,1171.0,31.0,42.0,91.0,16.0,10.0,29.0,116.0,10.0,156.0,3.0,588.0,17.0,50.0,28.0,112.0,82.0,22.0,53.0,0.0,520.0,20.0,19.0,66.0,35.0,0.0,182.0,2592.0,14.0,2672.0,1870.0,172.0,4.0,7.0,10.0,4.0,45.0,7.0,11.0,49.0,12.0,97.0,99.0,67.0,1095.0,8.0,77.0,8.0,1047.0,3.0,0.0,34.0,14.0,19.0,3.0,19.0,77.0,88.0,77.0,4.0,13.0,9.0,32.0,63.0,32.0,53.0,0.0,114.0,153.0,35.0,62.0,121.0,9.0,1734.0,2.0,15.0,15.0,16.0,9.0,20.0,0.0,8.0,31.0,10.0,96.0,36.0,20.0,5.0,7.0,9.0,11.0,12.0,25.0,32.0,0.0,5532.0,15.0,4.0,64.0,22.0,6.0,66.0,104.0,39.0,20.0,9.0,41.0,20.0,157.0,4.0,16.0,0.0,121.0,0.0,75.0,15.0,821.0,10.0,15.0,3.0,25.0,10.0,65.0,11.0,9.0,29.0,2.0,10.0,4.0,10.0,32004.0,12.0,11.0,48.0,7.0,85.0,91.0,3355.0,15.0,35.0,11.0,11.0,25.0,25.0,12.0,407.0,0.0,35.0,13.0,0.0,18.0,59.0,3.0,2.0,2.0,4.0,7808.0,11.0,5.0,5.0,2.0,12.0,17.0,2.0,6.0,39.0,8.0,6.0,4.0,0.0,10.0,35.0,0.0,67.0,4.0,0.0,10.0,0.0,12.0,9.0,9715.0,3.0,0.0,14.0,31.0,6.0,13.0,7.0,7.0,0.0,18.0,14.0,27.0,3.0,7.0,3.0,1307.0,5.0,16.0,112.0,0.0,2.0,51.0,9.0,22.0,27.0,2.0,19.0,7.0,20.0,6.0,0.0,20.0,8.0,0.0,6.0,7.0,92.0,2.0,4.0,5.0,4.0,2.0,0.0,3.0,174.0,2.0,4.0,0.0,0.0,0.0,12.0,2.0,0.0,9.0,2.0,5.0,8.0,7.0,15.0,10.0,16.0,0.0,3.0,2.0,11.0,2.0,5.0,4.0,5.0,2.0,7.0,0.0,9.0,0.0,13.0,27.0,0.0,7.0,17.0,2.0,3.0,2.0,26.0,0.0,61.0,5.0,26.0,10.0,6.0,0.0,10.0,39.0,0.0,9.0,118.0,18.0,0.0,32.0,3.0,8.0,31.0,9.0,11.0,3.0,6.0,7.0,7.0,3.0,2.0,43.0,0.0,0.0,0.0,0.0,2.0,0.0,0.0,4.0,0.0,0.0,0.0,0.0,0.0,0.0,0.0,0.0,0.0,2.0,0.0,3.0,0.0,0.0,0.0,0.0,0.0,0.0,0.0,0.0,0.0
"BM42S120",581.0,18.0,1348.0,589.0,290.0,16.0,7.0,526.0,182.0,88.0,191.0,1107.0,55.0,10.0,7.0,89.0,1355.0,1787.0,52.0,29.0,730.0,85.0,463.0,6.0,434.0,1046.0,240.0,319.0,119.0,40.0,179.0,86.0,15.0,12.0,126.0,188.0,773.0,34.0,309.0,132.0,166.0,593.0,49.0,141.0,8.0,368.0,102.0,577.0,177.0,183.0,656.0,265.0,4.0,18.0,36.0,976.0,11804.0,15.0,387.0,128.0,159.0,12897.0,2.0,75.0,4001.0,245.0,497.0,1336.0,15492.0,180.0,14117.0,99.0,3.0,9.0,13.0,261.0,21.0,343.0,111.0,57.0,74.0,1173.0,161.0,196.0,238.0,39.0,245.0,12.0,314.0,64.0,151.0,501.0,252.0,131.0,14.0,68.0,188.0,16.0,209.0,559.0,760.0,322.0,39.0,57.0,68.0,151.0,51.0,13.0,77.0,94.0,496.0,43.0,20.0,214.0,53.0,45.0,10.0,186.0,14.0,320.0,64.0,14.0,11.0,2.0,4298.0,35.0,235.0,273.0,56.0,53.0,19.0,79.0,167.0,61.0,30.0,332.0,37.0,498.0,10.0,8.0,175.0,40.0,1220.0,8.0,185.0,5.0,192.0,57.0,8.0,162.0,29.0,404.0,16.0,2.0,3.0,119.0,192.0,2.0,3.0,37.0,1803.0,4.0,15.0,44.0,109.0,129.0,13.0,35.0,2.0,54.0,7.0,24.0,15.0,33.0,40.0,1317.0,20.0,53.0,96.0,11.0,13.0,22.0,105.0,6.0,151.0,6.0,638.0,22.0,46.0,43.0,128.0,48.0,24.0,63.0,3.0,494.0,26.0,20.0,75.0,48.0,0.0,164.0,2982.0,13.0,2716.0,1968.0,142.0,10.0,13.0,7.0,10.0,37.0,2.0,10.0,36.0,12.0,98.0,96.0,66.0,1069.0,4.0,61.0,4.0,1146.0,4.0,0.0,40.0,21.0,22.0,0.0,23.0,63.0,91.0,73.0,0.0,12.0,4.0,26.0,59.0,38.0,55.0,0.0,91.0,149.0,31.0,61.0,102.0,23.0,1861.0,2.0,4.0,7.0,18.0,6.0,17.0,2.0,0.0,27.0,11.0,111.0,50.0,19.0,4.0,9.0,4.0,7.0,16.0,32.0,34.0,0.0,5079.0,15.0,9.0,47.0,20.0,8.0,54.0,100.0,50.0,22.0,4.0,36.0,17.0,175.0,3.0,20.0,2.0,132.0,0.0,81.0,7.0,774.0,21.0,10.0,4.0,21.0,8.0,50.0,10.0,15.0,34.0,7.0,7.0,5.0,5.0,32961.0,11.0,6.0,55.0,8.0,67.0,93.0,3463.0,21.0,32.0,12.0,18.0,21.0,32.0,9.0,444.0,4.0,22.0,26.0,0.0,21.0,58.0,6.0,2.0,7.0,0.0,8531.0,20.0,5.0,12.0,7.0,7.0,26.0,4.0,6.0,34.0,11.0,5.0,10.0,5.0,5.0,37.0,7.0,59.0,0.0,0.0,10.0,0.0,8.0,8.0,2896.0,3.0,3.0,13.0,32.0,5.0,9.0,6.0,0.0,0.0,14.0,10.0,29.0,4.0,8.0,0.0,1394.0,11.0,15.0,99.0,0.0,4.0,59.0,6.0,20.0,28.0,0.0,21.0,6.0,14.0,7.0,0.0,22.0,13.0,3.0,4.0,14.0,80.0,4.0,3.0,5.0,0.0,0.0,0.0,5.0,207.0,4.0,6.0,0.0,2.0,2.0,11.0,3.0,2.0,7.0,6.0,6.0,6.0,14.0,12.0,12.0,12.0,0.0,3.0,0.0,16.0,0.0,8.0,3.0,2.0,3.0,12.0,4.0,4.0,0.0,10.0,26.0,2.0,9.0,8.0,0.0,4.0,6.0,20.0,9.0,47.0,11.0,26.0,14.0,4.0,0.0,8.0,30.0,2.0,8.0,84.0,10.0,5.0,30.0,0.0,0.0,27.0,9.0,9.0,2.0,7.0,3.0,7.0,0.0,0.0,43.0,0.0,0.0,0.0,0.0,0.0,0.0,0.0,3.0,6.0,7.0,0.0,0.0,2.0,0.0,0.0,0.0,0.0,0.0,0.0,0.0,2.0,0.0,0.0,0.0,0.0,0.0,0.0,0.0,0.0
